# Buildsheet autogenerated by ravenadm tool -- Do not edit.

NAMEBASE=		python-anyjson
VERSION=		0.3.3
KEYWORDS=		python
VARIANTS=		py27 py35 py36
SDESC[py35]=		Wraps the best available JSON implementati (PY 35)
SDESC[py36]=		Wraps the best available JSON implementati (PY 36)
SDESC[py27]=		Wraps the best available JSON implementati (PY 27)
HOMEPAGE=		https://bitbucket.org/runeh/anyjson/
CONTACT=		Python_Automaton[python@ironwolf.systems]

DOWNLOAD_GROUPS=	main
SITES[main]=		PYPI/a/anyjson
DISTFILE[1]=		anyjson-0.3.3.tar.gz:main
DF_INDEX=		1
SPKGS[py35]=		single
SPKGS[py36]=		single
SPKGS[py27]=		single

OPTIONS_AVAILABLE=	PY27 PY35 PY36
OPTIONS_STANDARD=	none
VOPTS[py35]=		PY27=OFF PY35=ON PY36=OFF
VOPTS[py36]=		PY27=OFF PY35=OFF PY36=ON
VOPTS[py27]=		PY27=ON PY35=OFF PY36=OFF

DISTNAME=		anyjson-0.3.3

LICENSE=		BSDGROUP:single
LICENSE_SCHEME=		solo
LICENSE_FILE=		BSDGROUP:{{WRKSRC}}/LICENSE

GENERATED=		yes

[PY35].USES_ON=				python:py35

[PY36].USES_ON=				python:py36

[PY27].USES_ON=				python:py27

[FILE:1543:descriptions/desc.single]
##############################
anyjson - JSON library wrapper
##############################

Overview
--------

Anyjson loads whichever is the fastest JSON module installed and provides
a uniform API regardless of which JSON implementation is used.

Originally part of carrot (http://github.com/ask/carrot/)

Examples
--------

To serialize a python object to a JSON string, call the `serialize`
function:

>>> import anyjson
>>> anyjson.serialize(["test", 1, {"foo": 3.141592}, "bar"])
'["test", 1, {"foo": 3.141592}, "bar"]'

Conversion the other way is done with the `deserialize` call.

>>> anyjson.deserialize("""["test", 1, {"foo": 3.141592}, "bar"]""")
['test', 1, {'foo': 3.1415920000000002}, 'bar']

Regardless of the JSON implementation used, the exceptions will be the
same.
This means that trying to serialize something not compatible with JSON
raises a TypeError:

>>> anyjson.serialize([object()])
Traceback (most recent call last):
  <snipped traceback>
TypeError: object is not JSON encodable

And deserializing a JSON string with invalid JSON raises a ValueError:

>>> anyjson.deserialize("""['missing square brace!""")
Traceback (most recent call last):
  <snipped traceback>
ValueError: cannot parse JSON description


Contact
-------

The module is maintaned by Rune F. Halvorsen <runefh@gmail.com>.
The project resides at http://bitbucket.org/runeh/anyjson . Bugs and
feature
requests can be submitted there. Patches are also very welcome.

Changelog
---------

See CHANGELOG file

License
-------

see the LICENSE file



[FILE:99:distinfo]
37812d863c9ad3e35c0734c42e0bf0320ce8c3bed82cd20ad54cb34d158157ba         8332 anyjson-0.3.3.tar.gz

